// Jest Snapshot v1, https://goo.gl/fbAQLP

exports[`pruebas en CounterApp debe de hacer match con el snapshot 1`] = `
<div>
  <header
    class="d-flex flex-column align-items-center"
  >
    <h1
      class="text-center"
    >
      CounterApp
    </h1>
    <h2
      class="text-center"
    >
      100
    </h2>
    <div
      class="btn-group"
      role="group"
    >
      <button
        class="me-1 btn btn-warning"
        type="button"
      >
        -1
      </button>
      <button
        class="me-1 btn btn-danger"
        type="button"
      >
        Reset
      </button>
      <button
        class="btn btn-success"
        type="button"
      >
        +1
      </button>
    </div>
  </header>
</div>
`;
